[dotenv@17.2.3] injecting env (6) from ..\.env -- tip: Γ£à audit secrets and track compliance: https://dotenvx.com/ops
Using Key: Present
Testing gemini-1.5-flash...
Testing gemini-pro...
node : gemini-1.5-flash Failed: 
[GoogleGenerativeAI Error]: Error fetching 
from https://generativelanguage.googleapis.com
/v1beta/models/gemini-1.5-flash:generateConten
t: [404 Not Found] models/gemini-1.5-flash is 
not found for API version v1beta, or is not 
supported for generateContent. Call 
ListModels to see the list of available 
models and their supported methods.
At line:1 char:1
+ node scripts/test-models.js > 
test_output.txt 2>&1
+ ~~~~~~~~~~~~~~~~~~~~~~~~~~~~~~~~~~~~~~~~~~~~
~~~~~~
    + CategoryInfo          : NotSpecified: ( 
   gemini-1.5-flas...ported methods.:String)  
   [], RemoteException
    + FullyQualifiedErrorId : NativeCommandEr 
   ror
 
gemini-pro Failed: [GoogleGenerativeAI 
Error]: Error fetching from https://generative
language.googleapis.com/v1beta/models/gemini-p
ro:generateContent: [404 Not Found] 
models/gemini-pro is not found for API 
version v1beta, or is not supported for 
generateContent. Call ListModels to see the 
list of available models and their supported 
methods.
